[[],["c"],["d"],["a","b"],["a","c","d"],["a","b","c","d"]]